Archive member included to satisfy reference by file (symbol)

C:/ST/STM32CubeIDE_1.17.0/STM32CubeIDE/plugins/com.st.stm32cube.ide.mcu.externaltools.gnu-tools-for-stm32.12.3.rel1.win32_1.1.0.202410251130/tools/bin/../lib/gcc/arm-none-eabi/12.3.1/../../../../arm-none-eabi/lib/thumb/v7-m/nofp\libc_nano.a(libc_a-exit.o)
                              C:/ST/STM32CubeIDE_1.17.0/STM32CubeIDE/plugins/com.st.stm32cube.ide.mcu.externaltools.gnu-tools-for-stm32.12.3.rel1.win32_1.1.0.202410251130/tools/bin/../lib/gcc/arm-none-eabi/12.3.1/../../../../arm-none-eabi/lib/thumb/v7-m/nofp/crt0.o (exit)
C:/ST/STM32CubeIDE_1.17.0/STM32CubeIDE/plugins/com.st.stm32cube.ide.mcu.externaltools.gnu-tools-for-stm32.12.3.rel1.win32_1.1.0.202410251130/tools/bin/../lib/gcc/arm-none-eabi/12.3.1/../../../../arm-none-eabi/lib/thumb/v7-m/nofp\libc_nano.a(libc_a-findfp.o)
                              C:/ST/STM32CubeIDE_1.17.0/STM32CubeIDE/plugins/com.st.stm32cube.ide.mcu.externaltools.gnu-tools-for-stm32.12.3.rel1.win32_1.1.0.202410251130/tools/bin/../lib/gcc/arm-none-eabi/12.3.1/../../../../arm-none-eabi/lib/thumb/v7-m/nofp\libc_nano.a(libc_a-exit.o) (__stdio_exit_handler)
C:/ST/STM32CubeIDE_1.17.0/STM32CubeIDE/plugins/com.st.stm32cube.ide.mcu.externaltools.gnu-tools-for-stm32.12.3.rel1.win32_1.1.0.202410251130/tools/bin/../lib/gcc/arm-none-eabi/12.3.1/../../../../arm-none-eabi/lib/thumb/v7-m/nofp\libc_nano.a(libc_a-fwalk.o)
                              C:/ST/STM32CubeIDE_1.17.0/STM32CubeIDE/plugins/com.st.stm32cube.ide.mcu.externaltools.gnu-tools-for-stm32.12.3.rel1.win32_1.1.0.202410251130/tools/bin/../lib/gcc/arm-none-eabi/12.3.1/../../../../arm-none-eabi/lib/thumb/v7-m/nofp\libc_nano.a(libc_a-findfp.o) (_fwalk_sglue)
C:/ST/STM32CubeIDE_1.17.0/STM32CubeIDE/plugins/com.st.stm32cube.ide.mcu.externaltools.gnu-tools-for-stm32.12.3.rel1.win32_1.1.0.202410251130/tools/bin/../lib/gcc/arm-none-eabi/12.3.1/../../../../arm-none-eabi/lib/thumb/v7-m/nofp\libc_nano.a(libc_a-stdio.o)
                              C:/ST/STM32CubeIDE_1.17.0/STM32CubeIDE/plugins/com.st.stm32cube.ide.mcu.externaltools.gnu-tools-for-stm32.12.3.rel1.win32_1.1.0.202410251130/tools/bin/../lib/gcc/arm-none-eabi/12.3.1/../../../../arm-none-eabi/lib/thumb/v7-m/nofp\libc_nano.a(libc_a-findfp.o) (__sread)
C:/ST/STM32CubeIDE_1.17.0/STM32CubeIDE/plugins/com.st.stm32cube.ide.mcu.externaltools.gnu-tools-for-stm32.12.3.rel1.win32_1.1.0.202410251130/tools/bin/../lib/gcc/arm-none-eabi/12.3.1/../../../../arm-none-eabi/lib/thumb/v7-m/nofp\libc_nano.a(libc_a-memset.o)
                              C:/ST/STM32CubeIDE_1.17.0/STM32CubeIDE/plugins/com.st.stm32cube.ide.mcu.externaltools.gnu-tools-for-stm32.12.3.rel1.win32_1.1.0.202410251130/tools/bin/../lib/gcc/arm-none-eabi/12.3.1/../../../../arm-none-eabi/lib/thumb/v7-m/nofp/crt0.o (memset)
C:/ST/STM32CubeIDE_1.17.0/STM32CubeIDE/plugins/com.st.stm32cube.ide.mcu.externaltools.gnu-tools-for-stm32.12.3.rel1.win32_1.1.0.202410251130/tools/bin/../lib/gcc/arm-none-eabi/12.3.1/../../../../arm-none-eabi/lib/thumb/v7-m/nofp\libc_nano.a(libc_a-closer.o)
                              C:/ST/STM32CubeIDE_1.17.0/STM32CubeIDE/plugins/com.st.stm32cube.ide.mcu.externaltools.gnu-tools-for-stm32.12.3.rel1.win32_1.1.0.202410251130/tools/bin/../lib/gcc/arm-none-eabi/12.3.1/../../../../arm-none-eabi/lib/thumb/v7-m/nofp\libc_nano.a(libc_a-stdio.o) (_close_r)
C:/ST/STM32CubeIDE_1.17.0/STM32CubeIDE/plugins/com.st.stm32cube.ide.mcu.externaltools.gnu-tools-for-stm32.12.3.rel1.win32_1.1.0.202410251130/tools/bin/../lib/gcc/arm-none-eabi/12.3.1/../../../../arm-none-eabi/lib/thumb/v7-m/nofp\libc_nano.a(libc_a-reent.o)
                              C:/ST/STM32CubeIDE_1.17.0/STM32CubeIDE/plugins/com.st.stm32cube.ide.mcu.externaltools.gnu-tools-for-stm32.12.3.rel1.win32_1.1.0.202410251130/tools/bin/../lib/gcc/arm-none-eabi/12.3.1/../../../../arm-none-eabi/lib/thumb/v7-m/nofp\libc_nano.a(libc_a-closer.o) (errno)
C:/ST/STM32CubeIDE_1.17.0/STM32CubeIDE/plugins/com.st.stm32cube.ide.mcu.externaltools.gnu-tools-for-stm32.12.3.rel1.win32_1.1.0.202410251130/tools/bin/../lib/gcc/arm-none-eabi/12.3.1/../../../../arm-none-eabi/lib/thumb/v7-m/nofp\libc_nano.a(libc_a-impure.o)
                              C:/ST/STM32CubeIDE_1.17.0/STM32CubeIDE/plugins/com.st.stm32cube.ide.mcu.externaltools.gnu-tools-for-stm32.12.3.rel1.win32_1.1.0.202410251130/tools/bin/../lib/gcc/arm-none-eabi/12.3.1/../../../../arm-none-eabi/lib/thumb/v7-m/nofp\libc_nano.a(libc_a-reent.o) (_impure_ptr)
C:/ST/STM32CubeIDE_1.17.0/STM32CubeIDE/plugins/com.st.stm32cube.ide.mcu.externaltools.gnu-tools-for-stm32.12.3.rel1.win32_1.1.0.202410251130/tools/bin/../lib/gcc/arm-none-eabi/12.3.1/../../../../arm-none-eabi/lib/thumb/v7-m/nofp\libc_nano.a(libc_a-lseekr.o)
[...]
Memory Configuration

Name             Origin             Length             Attributes
RAM              0x20000000         0x00005000         xrw
FLASH            0x08000000         0x00010000         xr
*default*        0x00000000         0xffffffff

Linker script and memory map

LOAD C:/ST/STM32CubeIDE_1.17.0/STM32CubeIDE/plugins/com.st.stm32cube.ide.mcu.externaltools.gnu-tools-for-stm32.12.3.rel1.win32_1.1.0.202410251130/tools/bin/../lib/gcc/arm-none-eabi/12.3.1/thumb/v7-m/nofp/crti.o
LOAD C:/ST/STM32CubeIDE_1.17.0/STM32CubeIDE/plugins/com.st.stm32cube.ide.mcu.externaltools.gnu-tools-for-stm32.12.3.rel1.win32_1.1.0.202410251130/tools/bin/../lib/gcc/arm-none-eabi/12.3.1/thumb/v7-m/nofp/crtbegin.o
LOAD C:/ST/STM32CubeIDE_1.17.0/STM32CubeIDE/plugins/com.st.stm32cube.ide.mcu.externaltools.gnu-tools-for-stm32.12.3.rel1.win32_1.1.0.202410251130/tools/bin/../lib/gcc/arm-none-eabi/12.3.1/../../../../arm-none-eabi/lib/thumb/v7-m/nofp/crt0.o
LOAD ./Core/Src/main.o
LOAD ./Core/Src/stm32f1xx_hal_msp.o
LOAD ./Core/Src/stm32f1xx_it.o
LOAD ./Core/Src/syscalls.o
LOAD ./Core/Src/sysmem.o
LOAD ./Core/Src/system_stm32f1xx.o
LOAD ./Core/Startup/startup_stm32f103c8tx.o
LOAD ./Custom/appl_main.o
LOAD ./Custom/lib_modbus.o
LOAD ./Custom/mgr_i2c.o
LOAD ./Custom/mgr_led.o
LOAD ./Custom/mgr_uart.o
LOAD ./Drivers/STM32F1xx_HAL_Driver/Src/stm32f1xx_hal.o
LOAD ./Drivers/STM32F1xx_HAL_Driver/Src/stm32f1xx_hal_adc.o
LOAD ./Drivers/STM32F1xx_HAL_Driver/Src/stm32f1xx_hal_adc_ex.o
LOAD ./Drivers/STM32F1xx_HAL_Driver/Src/stm32f1xx_hal_cortex.o
LOAD ./Drivers/STM32F1xx_HAL_Driver/Src/stm32f1xx_hal_dma.o
LOAD ./Drivers/STM32F1xx_HAL_Driver/Src/stm32f1xx_hal_exti.o
LOAD ./Drivers/STM32F1xx_HAL_Driver/Src/stm32f1xx_hal_flash.o
LOAD ./Drivers/STM32F1xx_HAL_Driver/Src/stm32f1xx_hal_flash_ex.o
LOAD ./Drivers/STM32F1xx_HAL_Driver/Src/stm32f1xx_hal_gpio.o
LOAD ./Drivers/STM32F1xx_HAL_Driver/Src/stm32f1xx_hal_gpio_ex.o
LOAD ./Drivers/STM32F1xx_HAL_Driver/Src/stm32f1xx_hal_i2c.o
LOAD ./Drivers/STM32F1xx_HAL_Driver/Src/stm32f1xx_hal_pwr.o
LOAD ./Drivers/STM32F1xx_HAL_Driver/Src/stm32f1xx_hal_rcc.o
LOAD ./Drivers/STM32F1xx_HAL_Driver/Src/stm32f1xx_hal_rcc_ex.o
LOAD ./Drivers/STM32F1xx_HAL_Driver/Src/stm32f1xx_hal_tim.o
LOAD ./Drivers/STM32F1xx_HAL_Driver/Src/stm32f1xx_hal_tim_ex.o
LOAD ./Drivers/STM32F1xx_HAL_Driver/Src/stm32f1xx_hal_uart.o
START GROUP
LOAD C:/ST/STM32CubeIDE_1.17.0/STM32CubeIDE/plugins/com.st.stm32cube.ide.mcu.externaltools.gnu-tools-for-stm32.12.3.rel1.win32_1.1.0.202410251130/tools/bin/../lib/gcc/arm-none-eabi/12.3.1/../../../../arm-none-eabi/lib/thumb/v7-m/nofp\libc_nano.a
LOAD C:/ST/STM32CubeIDE_1.17.0/STM32CubeIDE/plugins/com.st.stm32cube.ide.mcu.externaltools.gnu-tools-for-stm32.12.3.rel1.win32_1.1.0.202410251130/tools/bin/../lib/gcc/arm-none-eabi/12.3.1/../../../../arm-none-eabi/lib/thumb/v7-m/nofp\libm.a
END GROUP
START GROUP
LOAD C:/ST/STM32CubeIDE_1.17.0/STM32CubeIDE/plugins/com.st.stm32cube.ide.mcu.externaltools.gnu-tools-for-stm32.12.3.rel1.win32_1.1.0.202410251130/tools/bin/../lib/gcc/arm-none-eabi/12.3.1/thumb/v7-m/nofp\libgcc.a
LOAD C:/ST/STM32CubeIDE_1.17.0/STM32CubeIDE/plugins/com.st.stm32cube.ide.mcu.externaltools.gnu-tools-for-stm32.12.3.rel1.win32_1.1.0.202410251130/tools/bin/../lib/gcc/arm-none-eabi/12.3.1/../../../../arm-none-eabi/lib/thumb/v7-m/nofp\libc_nano.a
END GROUP
START GROUP
LOAD C:/ST/STM32CubeIDE_1.17.0/STM32CubeIDE/plugins/com.st.stm32cube.ide.mcu.externaltools.gnu-tools-for-stm32.12.3.rel1.win32_1.1.0.202410251130/tools/bin/../lib/gcc/arm-none-eabi/12.3.1/thumb/v7-m/nofp\libgcc.a
LOAD C:/ST/STM32CubeIDE_1.17.0/STM32CubeIDE/plugins/com.st.stm32cube.ide.mcu.externaltools.gnu-tools-for-stm32.12.3.rel1.win32_1.1.0.202410251130/tools/bin/../lib/gcc/arm-none-eabi/12.3.1/../../../../arm-none-eabi/lib/thumb/v7-m/nofp\libc_nano.a
LOAD C:/ST/STM32CubeIDE_1.17.0/STM32CubeIDE/plugins/com.st.stm32cube.ide.mcu.externaltools.gnu-tools-for-stm32.12.3.rel1.win32_1.1.0.202410251130/tools/bin/../lib/gcc/arm-none-eabi/12.3.1/../../../../arm-none-eabi/lib/thumb/v7-m/nofp\libnosys.a
END GROUP
START GROUP
LOAD C:/ST/STM32CubeIDE_1.17.0/STM32CubeIDE/plugins/com.st.stm32cube.ide.mcu.externaltools.gnu-tools-for-stm32.12.3.rel1.win32_1.1.0.202410251130/tools/bin/../lib/gcc/arm-none-eabi/12.3.1/thumb/v7-m/nofp\libgcc.a
LOAD C:/ST/STM32CubeIDE_1.17.0/STM32CubeIDE/plugins/com.st.stm32cube.ide.mcu.externaltools.gnu-tools-for-stm32.12.3.rel1.win32_1.1.0.202410251130/tools/bin/../lib/gcc/arm-none-eabi/12.3.1/../../../../arm-none-eabi/lib/thumb/v7-m/nofp\libc_nano.a
LOAD C:/ST/STM32CubeIDE_1.17.0/STM32CubeIDE/plugins/com.st.stm32cube.ide.mcu.externaltools.gnu-tools-for-stm32.12.3.rel1.win32_1.1.0.202410251130/tools/bin/../lib/gcc/arm-none-eabi/12.3.1/../../../../arm-none-eabi/lib/thumb/v7-m/nofp\libnosys.a
END GROUP
LOAD C:/ST/STM32CubeIDE_1.17.0/STM32CubeIDE/plugins/com.st.stm32cube.ide.mcu.externaltools.gnu-tools-for-stm32.12.3.rel1.win32_1.1.0.202410251130/tools/bin/../lib/gcc/arm-none-eabi/12.3.1/thumb/v7-m/nofp/crtend.o
LOAD C:/ST/STM32CubeIDE_1.17.0/STM32CubeIDE/plugins/com.st.stm32cube.ide.mcu.externaltools.gnu-tools-for-stm32.12.3.rel1.win32_1.1.0.202410251130/tools/bin/../lib/gcc/arm-none-eabi/12.3.1/thumb/v7-m/nofp/crtn.o
                0x20005000                        _estack = (ORIGIN (RAM) + LENGTH (RAM))
                0x00000200                        _Min_Heap_Size = 0x200
                0x00000400                        _Min_Stack_Size = 0x400

.isr_vector     0x08000000      0x10c
                0x08000000                        . = ALIGN (0x4)
 *(.isr_vector)
 .isr_vector    0x08000000      0x10c ./Core/Startup/startup_stm32f103c8tx.o
                0x08000000                g_pfnVectors
                0x0800010c                        . = ALIGN (0x4)

.text           0x0800010c     0x3c78
                0x0800010c                        . = ALIGN (0x4)
 *(.text)
 .text          0x0800010c       0x40 C:/ST/STM32CubeIDE_1.17.0/STM32CubeIDE/plugins/com.st.stm32cube.ide.mcu.externaltools.gnu-tools-for-stm32.12.3.rel1.win32_1.1.0.202410251130/tools/bin/../lib/gcc/arm-none-eabi/12.3.1/thumb/v7-m/nofp/crtbegin.o
 *(.text*)
 .text.main     0x0800014c       0x2e ./Core/Src/main.o
                0x0800014c                main
 .text.SystemClock_Config
                0x0800017a       0xb6 ./Core/Src/main.o
                0x0800017a                SystemClock_Config
 .text.MX_ADC1_Init
                0x08000230       0x7c ./Core/Src/main.o
 .text.MX_I2C1_Init
                0x080002ac       0x5c ./Core/Src/main.o
 .text.MX_TIM2_Init
                0x08000308       0x98 ./Core/Src/main.o
 .text.MX_USART1_UART_Init
                0x080003a0       0x58 ./Core/Src/main.o
 .text.MX_DMA_Init
                0x080003f8       0x3c ./Core/Src/main.o
 .text.MX_GPIO_Init
                0x08000434       0xf8 ./Core/Src/main.o
 .text.Error_Handler
                0x0800052c        0xc ./Core/Src/main.o
                0x0800052c                Error_Handler
 .text.HAL_MspInit
                0x08000538       0x64 ./Core/Src/stm32f1xx_hal_msp.o
                0x08000538                HAL_MspInit
 .text.HAL_ADC_MspInit
                0x0800059c       0x78 ./Core/Src/stm32f1xx_hal_msp.o
                0x0800059c                HAL_ADC_MspInit
 .text.HAL_I2C_MspInit
                0x08000614       0x7c ./Core/Src/stm32f1xx_hal_msp.o
                0x08000614                HAL_I2C_MspInit
 .text.HAL_TIM_Base_MspInit
                0x08000690       0x48 ./Core/Src/stm32f1xx_hal_msp.o
                0x08000690                HAL_TIM_Base_MspInit
 .text.HAL_UART_MspInit
                0x080006d8       0xfc ./Core/Src/stm32f1xx_hal_msp.o
                0x080006d8                HAL_UART_MspInit
 .text.NMI_Handler
                0x080007d4        0x8 ./Core/Src/stm32f1xx_it.o
                0x080007d4                NMI_Handler
 .text.HardFault_Handler
                0x080007dc        0x8 ./Core/Src/stm32f1xx_it.o
                0x080007dc                HardFault_Handler
 .text.MemManage_Handler
                0x080007e4        0x8 ./Core/Src/stm32f1xx_it.o
                0x080007e4                MemManage_Handler
 .text.BusFault_Handler
                0x080007ec        0x8 ./Core/Src/stm32f1xx_it.o
                0x080007ec                BusFault_Handler
 .text.UsageFault_Handler
                0x080007f4        0x8 ./Core/Src/stm32f1xx_it.o
                0x080007f4                UsageFault_Handler
 .text.SVC_Handler
                0x080007fc        0xc ./Core/Src/stm32f1xx_it.o
                0x080007fc                SVC_Handler
 .text.DebugMon_Handler
                0x08000808        0xc ./Core/Src/stm32f1xx_it.o
                0x08000808                DebugMon_Handler
 .text.PendSV_Handler
                0x08000814        0xc ./Core/Src/stm32f1xx_it.o
                0x08000814                PendSV_Handler
 .text.SysTick_Handler
                0x08000820        0xc ./Core/Src/stm32f1xx_it.o
                0x08000820                SysTick_Handler
 .text.DMA1_Channel4_IRQHandler
                0x0800082c       0x14 ./Core/Src/stm32f1xx_it.o
                0x0800082c                DMA1_Channel4_IRQHandler
 .text.TIM2_IRQHandler
                0x08000840       0x1c ./Core/Src/stm32f1xx_it.o
                0x08000840                TIM2_IRQHandler
 .text.USART1_IRQHandler
                0x0800085c       0x14 ./Core/Src/stm32f1xx_it.o
                0x0800085c                USART1_IRQHandler
 .text.SystemInit
                0x08000870        0xc ./Core/Src/system_stm32f1xx.o
                0x08000870                SystemInit
 .text.Reset_Handler
                0x0800087c       0x48 ./Core/Startup/startup_stm32f103c8tx.o
                0x0800087c                Reset_Handler
 .text.Default_Handler
                0x080008c4        0x2 ./Core/Startup/startup_stm32f103c8tx.o
                0x080008c4                RTC_Alarm_IRQHandler
                0x080008c4                EXTI2_IRQHandler
                0x080008c4                TIM1_CC_IRQHandler
                0x080008c4                PVD_IRQHandler
                0x080008c4                EXTI3_IRQHandler
                0x080008c4                EXTI0_IRQHandler
                0x080008c4                I2C2_EV_IRQHandler
                0x080008c4                ADC1_2_IRQHandler
                0x080008c4                SPI1_IRQHandler
                0x080008c4                TAMPER_IRQHandler
                0x080008c4                USART3_IRQHandler
                0x080008c4                RTC_IRQHandler
                0x080008c4                DMA1_Channel7_IRQHandler
                0x080008c4                CAN1_RX1_IRQHandler
                0x080008c4                TIM4_IRQHandler
                0x080008c4                I2C1_EV_IRQHandler
                0x080008c4                DMA1_Channel6_IRQHandler
                0x080008c4                TIM3_IRQHandler
                0x080008c4                RCC_IRQHandler
                0x080008c4                TIM1_TRG_COM_IRQHandler
                0x080008c4                DMA1_Channel1_IRQHandler
                0x080008c4                Default_Handler
                0x080008c4                EXTI15_10_IRQHandler
                0x080008c4                EXTI9_5_IRQHandler
                0x080008c4                SPI2_IRQHandler
                0x080008c4                DMA1_Channel5_IRQHandler
                0x080008c4                EXTI4_IRQHandler
                0x080008c4                USB_LP_CAN1_RX0_IRQHandler
                0x080008c4                USB_HP_CAN1_TX_IRQHandler
                0x080008c4                DMA1_Channel3_IRQHandler
                0x080008c4                TIM1_UP_IRQHandler
                0x080008c4                WWDG_IRQHandler
                0x080008c4                TIM1_BRK_IRQHandler
                0x080008c4                EXTI1_IRQHandler
                0x080008c4                USART2_IRQHandler
                0x080008c4                I2C2_ER_IRQHandler
                0x080008c4                DMA1_Channel2_IRQHandler
                0x080008c4                CAN1_SCE_IRQHandler
                0x080008c4                FLASH_IRQHandler
                0x080008c4                I2C1_ER_IRQHandler
                0x080008c4                USBWakeUp_IRQHandler
 *fill*         0x080008c6        0x2 
 .text.custom_init
                0x080008c8       0x14 ./Custom/appl_main.o
                0x080008c8                custom_init
 .text.ms_loop  0x080008dc       0x38 ./Custom/appl_main.o
                0x080008dc                ms_loop
 .text.sec_loop
                0x08000914        0xc ./Custom/appl_main.o
                0x08000914                sec_loop
 .text.main_loop
                0x08000920       0x30 ./Custom/appl_main.o
                0x08000920                main_loop
 .text.init_crc16_tab
                0x08000950       0x84 ./Custom/lib_modbus.o
 .text.crc_modbus
                0x080009d4       0x70 ./Custom/lib_modbus.o
                0x080009d4                crc_modbus
 .text.modbus_read
                0x08000a44       0x64 ./Custom/lib_modbus.o
                0x08000a44                modbus_read
 .text.modbus_write
                0x08000aa8       0xde ./Custom/lib_modbus.o
                0x08000aa8                modbus_write
 *fill*         0x08000b86        0x2 
 .text.led_toggle_c13
                0x08000b88       0x38 ./Custom/mgr_led.o
                0x08000b88                led_toggle_c13
 .text.HAL_UARTEx_RxEventCallback
                0x08000bc0       0x2c ./Custom/mgr_uart.o
                0x08000bc0                HAL_UARTEx_RxEventCallback
 .text.uart_ondatarecv
                0x08000bec      0x1a0 ./Custom/mgr_uart.o
                0x08000bec                uart_ondatarecv
 .text.uart_mainloop
                0x08000d8c       0x3c ./Custom/mgr_uart.o
                0x08000d8c                uart_mainloop
 .text.HAL_Init
                0x08000dc8       0x2c ./Drivers/STM32F1xx_HAL_Driver/Src/stm32f1xx_hal.o
                0x08000dc8                HAL_Init
 .text.HAL_InitTick
                0x08000df4       0x60 ./Drivers/STM32F1xx_HAL_Driver/Src/stm32f1xx_hal.o
                0x08000df4                HAL_InitTick
 .text.HAL_IncTick
                0x08000e54       0x24 ./Drivers/STM32F1xx_HAL_Driver/Src/stm32f1xx_hal.o
                0x08000e54                HAL_IncTick
 .text.HAL_GetTick
                0x08000e78       0x14 ./Drivers/STM32F1xx_HAL_Driver/Src/stm32f1xx_hal.o
                0x08000e78                HAL_GetTick
 .text.HAL_ADC_Init
                0x08000e8c      0x1b0 ./Drivers/STM32F1xx_HAL_Driver/Src/stm32f1xx_hal_adc.o
                0x08000e8c                HAL_ADC_Init
 .text.HAL_ADC_ConfigChannel
                0x0800103c      0x1f0 ./Drivers/STM32F1xx_HAL_Driver/Src/stm32f1xx_hal_adc.o
                0x0800103c                HAL_ADC_ConfigChannel
 .text.ADC_ConversionStop_Disable
                0x0800122c       0x82 ./Drivers/STM32F1xx_HAL_Driver/Src/stm32f1xx_hal_adc.o
                0x0800122c                ADC_ConversionStop_Disable
 *fill*         0x080012ae        0x2 
 .text.__NVIC_SetPriorityGrouping
                0x080012b0       0x48 ./Drivers/STM32F1xx_HAL_Driver/Src/stm32f1xx_hal_cortex.o
 .text.__NVIC_GetPriorityGrouping
                0x080012f8       0x1c ./Drivers/STM32F1xx_HAL_Driver/Src/stm32f1xx_hal_cortex.o
 .text.__NVIC_EnableIRQ
                0x08001314       0x38 ./Drivers/STM32F1xx_HAL_Driver/Src/stm32f1xx_hal_cortex.o
 .text.__NVIC_SetPriority
                0x0800134c       0x54 ./Drivers/STM32F1xx_HAL_Driver/Src/stm32f1xx_hal_cortex.o
 .text.NVIC_EncodePriority
                0x080013a0       0x64 ./Drivers/STM32F1xx_HAL_Driver/Src/stm32f1xx_hal_cortex.o
 .text.SysTick_Config
                0x08001404       0x44 ./Drivers/STM32F1xx_HAL_Driver/Src/stm32f1xx_hal_cortex.o
 .text.HAL_NVIC_SetPriorityGrouping
                0x08001448       0x16 ./Drivers/STM32F1xx_HAL_Driver/Src/stm32f1xx_hal_cortex.o
                0x08001448                HAL_NVIC_SetPriorityGrouping
 .text.HAL_NVIC_SetPriority
                0x0800145e       0x38 ./Drivers/STM32F1xx_HAL_Driver/Src/stm32f1xx_hal_cortex.o
                0x0800145e                HAL_NVIC_SetPriority
 .text.HAL_NVIC_EnableIRQ
                0x08001496       0x1c ./Drivers/STM32F1xx_HAL_Driver/Src/stm32f1xx_hal_cortex.o
                0x08001496                HAL_NVIC_EnableIRQ
 .text.HAL_SYSTICK_Config
                0x080014b2       0x18 ./Drivers/STM32F1xx_HAL_Driver/Src/stm32f1xx_hal_cortex.o
                0x080014b2                HAL_SYSTICK_Config
 *fill*         0x080014ca        0x2 
 .text.HAL_DMA_Init
                0x080014cc       0xb4 ./Drivers/STM32F1xx_HAL_Driver/Src/stm32f1xx_hal_dma.o
                0x080014cc                HAL_DMA_Init
 .text.HAL_DMA_Start_IT
                0x08001580       0xc0 ./Drivers/STM32F1xx_HAL_Driver/Src/stm32f1xx_hal_dma.o
                0x08001580                HAL_DMA_Start_IT
 .text.HAL_DMA_Abort
                0x08001640       0x76 ./Drivers/STM32F1xx_HAL_Driver/Src/stm32f1xx_hal_dma.o
                0x08001640                HAL_DMA_Abort
 *fill*         0x080016b6        0x2 
 .text.HAL_DMA_Abort_IT
                0x080016b8       0xf0 ./Drivers/STM32F1xx_HAL_Driver/Src/stm32f1xx_hal_dma.o
                0x080016b8                HAL_DMA_Abort_IT
 .text.HAL_DMA_IRQHandler
                0x080017a8      0x20c ./Drivers/STM32F1xx_HAL_Driver/Src/stm32f1xx_hal_dma.o
                0x080017a8                HAL_DMA_IRQHandler
 .text.DMA_SetConfig
                0x080019b4       0x5a ./Drivers/STM32F1xx_HAL_Driver/Src/stm32f1xx_hal_dma.o
 *fill*         0x08001a0e        0x2 
 .text.HAL_GPIO_Init
                0x08001a10      0x308 ./Drivers/STM32F1xx_HAL_Driver/Src/stm32f1xx_hal_gpio.o
                0x08001a10                HAL_GPIO_Init
 .text.HAL_GPIO_WritePin
                0x08001d18       0x30 ./Drivers/STM32F1xx_HAL_Driver/Src/stm32f1xx_hal_gpio.o
                0x08001d18                HAL_GPIO_WritePin
 .text.HAL_I2C_Init
                0x08001d48      0x288 ./Drivers/STM32F1xx_HAL_Driver/Src/stm32f1xx_hal_i2c.o
                0x08001d48                HAL_I2C_Init
 .text.HAL_RCC_OscConfig
                0x08001fd0      0x504 ./Drivers/STM32F1xx_HAL_Driver/Src/stm32f1xx_hal_rcc.o
                0x08001fd0                HAL_RCC_OscConfig
 .text.HAL_RCC_ClockConfig
                0x080024d4      0x1d4 ./Drivers/STM32F1xx_HAL_Driver/Src/stm32f1xx_hal_rcc.o
                0x080024d4                HAL_RCC_ClockConfig
 .text.HAL_RCC_GetSysClockFreq
                0x080026a8       0xa8 ./Drivers/STM32F1xx_HAL_Driver/Src/stm32f1xx_hal_rcc.o
                0x080026a8                HAL_RCC_GetSysClockFreq
 .text.HAL_RCC_GetHCLKFreq
                0x08002750       0x14 ./Drivers/STM32F1xx_HAL_Driver/Src/stm32f1xx_hal_rcc.o
                0x08002750                HAL_RCC_GetHCLKFreq
 .text.HAL_RCC_GetPCLK1Freq
                0x08002764       0x28 ./Drivers/STM32F1xx_HAL_Driver/Src/stm32f1xx_hal_rcc.o
                0x08002764                HAL_RCC_GetPCLK1Freq
 .text.HAL_RCC_GetPCLK2Freq
                0x0800278c       0x28 ./Drivers/STM32F1xx_HAL_Driver/Src/stm32f1xx_hal_rcc.o
                0x0800278c                HAL_RCC_GetPCLK2Freq
 .text.RCC_Delay
                0x080027b4       0x3c ./Drivers/STM32F1xx_HAL_Driver/Src/stm32f1xx_hal_rcc.o
 .text.HAL_RCCEx_PeriphCLKConfig
                0x080027f0      0x16c ./Drivers/STM32F1xx_HAL_Driver/Src/stm32f1xx_hal_rcc_ex.o
                0x080027f0                HAL_RCCEx_PeriphCLKConfig
 .text.HAL_TIM_Base_Init
                0x0800295c       0x9e ./Drivers/STM32F1xx_HAL_Driver/Src/stm32f1xx_hal_tim.o
                0x0800295c                HAL_TIM_Base_Init
 *fill*         0x080029fa        0x2 
 .text.HAL_TIM_Base_Start_IT
                0x080029fc       0xa4 ./Drivers/STM32F1xx_HAL_Driver/Src/stm32f1xx_hal_tim.o
                0x080029fc                HAL_TIM_Base_Start_IT
 .text.HAL_TIM_ConfigClockSource
                0x08002aa0      0x18e ./Drivers/STM32F1xx_HAL_Driver/Src/stm32f1xx_hal_tim.o
                0x08002aa0                HAL_TIM_ConfigClockSource
 *fill*         0x08002c2e        0x2 
 .text.TIM_Base_SetConfig
                0x08002c30       0xdc ./Drivers/STM32F1xx_HAL_Driver/Src/stm32f1xx_hal_tim.o
                0x08002c30                TIM_Base_SetConfig
 .text.TIM_TI1_ConfigInputStage
                0x08002d0c       0x5c ./Drivers/STM32F1xx_HAL_Driver/Src/stm32f1xx_hal_tim.o
 .text.TIM_TI2_ConfigInputStage
                0x08002d68       0x5e ./Drivers/STM32F1xx_HAL_Driver/Src/stm32f1xx_hal_tim.o
 .text.TIM_ITRx_SetConfig
                0x08002dc6       0x34 ./Drivers/STM32F1xx_HAL_Driver/Src/stm32f1xx_hal_tim.o
 .text.TIM_ETR_SetConfig
                0x08002dfa       0x3e ./Drivers/STM32F1xx_HAL_Driver/Src/stm32f1xx_hal_tim.o
                0x08002dfa                TIM_ETR_SetConfig
 .text.HAL_TIMEx_MasterConfigSynchronization
                0x08002e38       0xbc ./Drivers/STM32F1xx_HAL_Driver/Src/stm32f1xx_hal_tim_ex.o
                0x08002e38                HAL_TIMEx_MasterConfigSynchronization
 .text.HAL_UART_Init
                0x08002ef4       0xa0 ./Drivers/STM32F1xx_HAL_Driver/Src/stm32f1xx_hal_uart.o
                0x08002ef4                HAL_UART_Init
 .text.HAL_UART_Transmit_DMA
                0x08002f94       0xe0 ./Drivers/STM32F1xx_HAL_Driver/Src/stm32f1xx_hal_uart.o
                0x08002f94                HAL_UART_Transmit_DMA
 .text.HAL_UARTEx_ReceiveToIdle_IT
                0x08003074       0xba ./Drivers/STM32F1xx_HAL_Driver/Src/stm32f1xx_hal_uart.o
                0x08003074                HAL_UARTEx_ReceiveToIdle_IT
 *fill*         0x0800312e        0x2 
 .text.HAL_UART_IRQHandler
                0x08003130      0x524 ./Drivers/STM32F1xx_HAL_Driver/Src/stm32f1xx_hal_uart.o
                0x08003130                HAL_UART_IRQHandler
 .text.HAL_UART_TxCpltCallback
                0x08003654       0x12 ./Drivers/STM32F1xx_HAL_Driver/Src/stm32f1xx_hal_uart.o
                0x08003654                HAL_UART_TxCpltCallback
 .text.HAL_UART_TxHalfCpltCallback
                0x08003666       0x12 ./Drivers/STM32F1xx_HAL_Driver/Src/stm32f1xx_hal_uart.o
                0x08003666                HAL_UART_TxHalfCpltCallback
 .text.HAL_UART_RxCpltCallback
                0x08003678       0x12 ./Drivers/STM32F1xx_HAL_Driver/Src/stm32f1xx_hal_uart.o
                0x08003678                HAL_UART_RxCpltCallback
 .text.HAL_UART_ErrorCallback
                0x0800368a       0x12 ./Drivers/STM32F1xx_HAL_Driver/Src/stm32f1xx_hal_uart.o
                0x0800368a                HAL_UART_ErrorCallback
 .text.UART_DMATransmitCplt
                0x0800369c       0x9a ./Drivers/STM32F1xx_HAL_Driver/Src/stm32f1xx_hal_uart.o
 .text.UART_DMATxHalfCplt
                0x08003736       0x1c ./Drivers/STM32F1xx_HAL_Driver/Src/stm32f1xx_hal_uart.o
 .text.UART_DMAError
                0x08003752       0x94 ./Drivers/STM32F1xx_HAL_Driver/Src/stm32f1xx_hal_uart.o
 .text.UART_Start_Receive_IT
                0x080037e6       0x72 ./Drivers/STM32F1xx_HAL_Driver/Src/stm32f1xx_hal_uart.o
                0x080037e6                UART_Start_Receive_IT
 .text.UART_EndTxTransfer
                0x08003858       0x4e ./Drivers/STM32F1xx_HAL_Driver/Src/stm32f1xx_hal_uart.o
 .text.UART_EndRxTransfer
                0x080038a6       0xc4 ./Drivers/STM32F1xx_HAL_Driver/Src/stm32f1xx_hal_uart.o
 .text.UART_DMAAbortOnError
                0x0800396a       0x28 ./Drivers/STM32F1xx_HAL_Driver/Src/stm32f1xx_hal_uart.o
 .text.UART_Transmit_IT
                0x08003992       0x9e ./Drivers/STM32F1xx_HAL_Driver/Src/stm32f1xx_hal_uart.o
 .text.UART_EndTransmit_IT
                0x08003a30       0x30 ./Drivers/STM32F1xx_HAL_Driver/Src/stm32f1xx_hal_uart.o
 .text.UART_Receive_IT
                0x08003a60      0x17c ./Drivers/STM32F1xx_HAL_Driver/Src/stm32f1xx_hal_uart.o
 .text.UART_SetConfig
                0x08003bdc      0x11c ./Drivers/STM32F1xx_HAL_Driver/Src/stm32f1xx_hal_uart.o
 .text.memset   0x08003cf8       0x10 C:/ST/STM32CubeIDE_1.17.0/STM32CubeIDE/plugins/com.st.stm32cube.ide.mcu.externaltools.gnu-tools-for-stm32.12.3.rel1.win32_1.1.0.202410251130/tools/bin/../lib/gcc/arm-none-eabi/12.3.1/../../../../arm-none-eabi/lib/thumb/v7-m/nofp\libc_nano.a(libc_a-memset.o)
                0x08003cf8                memset
 .text.__libc_init_array
                0x08003d08       0x48 C:/ST/STM32CubeIDE_1.17.0/STM32CubeIDE/plugins/com.st.stm32cube.ide.mcu.externaltools.gnu-tools-for-stm32.12.3.rel1.win32_1.1.0.202410251130/tools/bin/../lib/gcc/arm-none-eabi/12.3.1/../../../../arm-none-eabi/lib/thumb/v7-m/nofp\libc_nano.a(libc_a-init.o)
                0x08003d08                __libc_init_array
 .text.memcpy   0x08003d50       0x1c C:/ST/STM32CubeIDE_1.17.0/STM32CubeIDE/plugins/com.st.stm32cube.ide.mcu.externaltools.gnu-tools-for-stm32.12.3.rel1.win32_1.1.0.202410251130/tools/bin/../lib/gcc/arm-none-eabi/12.3.1/../../../../arm-none-eabi/lib/thumb/v7-m/nofp\libc_nano.a(libc_a-memcpy-stub.o)
                0x08003d50                memcpy
 *(.glue_7)
 .glue_7        0x08003d6c        0x0 linker stubs
 *(.glue_7t)
 .glue_7t       0x08003d6c        0x0 linker stubs
 *(.eh_frame)
 .eh_frame      0x08003d6c        0x0 C:/ST/STM32CubeIDE_1.17.0/STM32CubeIDE/plugins/com.st.stm32cube.ide.mcu.externaltools.gnu-tools-for-stm32.12.3.rel1.win32_1.1.0.202410251130/tools/bin/../lib/gcc/arm-none-eabi/12.3.1/thumb/v7-m/nofp/crtbegin.o
 *(.init)
 .init          0x08003d6c        0x4 C:/ST/STM32CubeIDE_1.17.0/STM32CubeIDE/plugins/com.st.stm32cube.ide.mcu.externaltools.gnu-tools-for-stm32.12.3.rel1.win32_1.1.0.202410251130/tools/bin/../lib/gcc/arm-none-eabi/12.3.1/thumb/v7-m/nofp/crti.o
                0x08003d6c                _init
 .init          0x08003d70        0x8 C:/ST/STM32CubeIDE_1.17.0/STM32CubeIDE/plugins/com.st.stm32cube.ide.mcu.externaltools.gnu-tools-for-stm32.12.3.rel1.win32_1.1.0.202410251130/tools/bin/../lib/gcc/arm-none-eabi/12.3.1/thumb/v7-m/nofp/crtn.o
 *(.fini)
 .fini          0x08003d78        0x4 C:/ST/STM32CubeIDE_1.17.0/STM32CubeIDE/plugins/com.st.stm32cube.ide.mcu.externaltools.gnu-tools-for-stm32.12.3.rel1.win32_1.1.0.202410251130/tools/bin/../lib/gcc/arm-none-eabi/12.3.1/thumb/v7-m/nofp/crti.o
                0x08003d78                _fini
 .fini          0x08003d7c        0x8 C:/ST/STM32CubeIDE_1.17.0/STM32CubeIDE/plugins/com.st.stm32cube.ide.mcu.externaltools.gnu-tools-for-stm32.12.3.rel1.win32_1.1.0.202410251130/tools/bin/../lib/gcc/arm-none-eabi/12.3.1/thumb/v7-m/nofp/crtn.o
                0x08003d84                        . = ALIGN (0x4)
                0x08003d84                        _etext = .

.vfp11_veneer   0x08003d84        0x0
 .vfp11_veneer  0x08003d84        0x0 linker stubs

.v4_bx          0x08003d84        0x0
 .v4_bx         0x08003d84        0x0 linker stubs

.iplt           0x08003d84        0x0
 .iplt          0x08003d84        0x0 C:/ST/STM32CubeIDE_1.17.0/STM32CubeIDE/plugins/com.st.stm32cube.ide.mcu.externaltools.gnu-tools-for-stm32.12.3.rel1.win32_1.1.0.202410251130/tools/bin/../lib/gcc/arm-none-eabi/12.3.1/thumb/v7-m/nofp/crtbegin.o

.rodata         0x08003d84       0x2c
                0x08003d84                        . = ALIGN (0x4)
 *(.rodata)
 *(.rodata*)
 .rodata.AHBPrescTable
                0x08003d84       0x10 ./Core/Src/system_stm32f1xx.o
                0x08003d84                AHBPrescTable
 .rodata.APBPrescTable
                0x08003d94        0x8 ./Core/Src/system_stm32f1xx.o
                0x08003d94                APBPrescTable
 .rodata.aPLLMULFactorTable.1
                0x08003d9c       0x10 ./Drivers/STM32F1xx_HAL_Driver/Src/stm32f1xx_hal_rcc.o
 .rodata.aPredivFactorTable.0
                0x08003dac        0x2 ./Drivers/STM32F1xx_HAL_Driver/Src/stm32f1xx_hal_rcc.o
                0x08003db0                        . = ALIGN (0x4)
 *fill*         0x08003dae        0x2 

.ARM.extab      0x08003db0        0x0
                0x08003db0                        . = ALIGN (0x4)
 *(.ARM.extab* .gnu.linkonce.armextab.*)
                0x08003db0                        . = ALIGN (0x4)

.ARM            0x08003db0        0x0
                0x08003db0                        . = ALIGN (0x4)
                0x08003db0                        __exidx_start = .
 *(.ARM.exidx*)
                0x08003db0                        __exidx_end = .
                0x08003db0                        . = ALIGN (0x4)

.preinit_array  0x08003db0        0x0
                0x08003db0                        . = ALIGN (0x4)
                0x08003db0                        PROVIDE (__preinit_array_start = .)
 *(.preinit_array*)
                0x08003db0                        PROVIDE (__preinit_array_end = .)
                0x08003db0                        . = ALIGN (0x4)

.init_array     0x08003db0        0x4
                0x08003db0                        . = ALIGN (0x4)
                0x08003db0                        PROVIDE (__init_array_start = .)
 *(SORT_BY_NAME(.init_array.*))
 *(.init_array*)
 .init_array    0x08003db0        0x4 C:/ST/STM32CubeIDE_1.17.0/STM32CubeIDE/plugins/com.st.stm32cube.ide.mcu.externaltools.gnu-tools-for-stm32.12.3.rel1.win32_1.1.0.202410251130/tools/bin/../lib/gcc/arm-none-eabi/12.3.1/thumb/v7-m/nofp/crtbegin.o
                0x08003db4                        PROVIDE (__init_array_end = .)
                0x08003db4                        . = ALIGN (0x4)

.fini_array     0x08003db4        0x4
                0x08003db4                        . = ALIGN (0x4)
                [!provide]                        PROVIDE (__fini_array_start = .)
 *(SORT_BY_NAME(.fini_array.*))
 *(.fini_array*)
 .fini_array    0x08003db4        0x4 C:/ST/STM32CubeIDE_1.17.0/STM32CubeIDE/plugins/com.st.stm32cube.ide.mcu.externaltools.gnu-tools-for-stm32.12.3.rel1.win32_1.1.0.202410251130/tools/bin/../lib/gcc/arm-none-eabi/12.3.1/thumb/v7-m/nofp/crtbegin.o
                [!provide]                        PROVIDE (__fini_array_end = .)
                0x08003db8                        . = ALIGN (0x4)
                0x08003db8                        _sidata = LOADADDR (.data)

.rel.dyn        0x08003db8        0x0
 .rel.iplt      0x08003db8        0x0 C:/ST/STM32CubeIDE_1.17.0/STM32CubeIDE/plugins/com.st.stm32cube.ide.mcu.externaltools.gnu-tools-for-stm32.12.3.rel1.win32_1.1.0.202410251130/tools/bin/../lib/gcc/arm-none-eabi/12.3.1/thumb/v7-m/nofp/crtbegin.o

.data           0x20000000        0xc load address 0x08003db8
                0x20000000                        . = ALIGN (0x4)
                0x20000000                        _sdata = .
 *(.data)
 *(.data*)
 .data.SystemCoreClock
                0x20000000        0x4 ./Core/Src/system_stm32f1xx.o
                0x20000000                SystemCoreClock
 .data.uwTickPrio
                0x20000004        0x4 ./Drivers/STM32F1xx_HAL_Driver/Src/stm32f1xx_hal.o
                0x20000004                uwTickPrio
 .data.uwTickFreq
                0x20000008        0x1 ./Drivers/STM32F1xx_HAL_Driver/Src/stm32f1xx_hal.o
                0x20000008                uwTickFreq
 *(.RamFunc)
 *(.RamFunc*)
                0x2000000c                        . = ALIGN (0x4)
 *fill*         0x20000009        0x3 
                0x2000000c                        _edata = .

.igot.plt       0x2000000c        0x0 load address 0x08003dc4
 .igot.plt      0x2000000c        0x0 C:/ST/STM32CubeIDE_1.17.0/STM32CubeIDE/plugins/com.st.stm32cube.ide.mcu.externaltools.gnu-tools-for-stm32.12.3.rel1.win32_1.1.0.202410251130/tools/bin/../lib/gcc/arm-none-eabi/12.3.1/thumb/v7-m/nofp/crtbegin.o
                0x2000000c                        . = ALIGN (0x4)

.bss            0x2000000c      0x6bc load address 0x08003dc4
                0x2000000c                        _sbss = .
                0x2000000c                        __bss_start__ = _sbss
 *(.bss)
 .bss           0x2000000c       0x1c C:/ST/STM32CubeIDE_1.17.0/STM32CubeIDE/plugins/com.st.stm32cube.ide.mcu.externaltools.gnu-tools-for-stm32.12.3.rel1.win32_1.1.0.202410251130/tools/bin/../lib/gcc/arm-none-eabi/12.3.1/thumb/v7-m/nofp/crtbegin.o
 *(.bss*)
 .bss.hadc1     0x20000028       0x30 ./Core/Src/main.o
                0x20000028                hadc1
 .bss.hi2c1     0x20000058       0x54 ./Core/Src/main.o
                0x20000058                hi2c1
 .bss.htim2     0x200000ac       0x48 ./Core/Src/main.o
                0x200000ac                htim2
 .bss.huart1    0x200000f4       0x48 ./Core/Src/main.o
                0x200000f4                huart1
 .bss.hdma_usart1_tx
                0x2000013c       0x44 ./Core/Src/main.o
                0x2000013c                hdma_usart1_tx
 .bss.t1        0x20000180        0x4 ./Custom/appl_main.o
                0x20000180                t1
 .bss.one_sec_flag
                0x20000184        0x1 ./Custom/appl_main.o
                0x20000184                one_sec_flag
 *fill*         0x20000185        0x3 
 .bss.uptime_timer
                0x20000188        0x4 ./Custom/appl_main.o
                0x20000188                uptime_timer
 .bss.crc_tab16_init
                0x2000018c        0x1 ./Custom/lib_modbus.o
 *fill*         0x2000018d        0x3 
 .bss.crc_tab16
                0x20000190      0x200 ./Custom/lib_modbus.o
 .bss.led_en    0x20000390        0x1 ./Custom/mgr_led.o
                0x20000390                led_en
 *fill*         0x20000391        0x3 
 .bss.modb_db   0x20000394      0x200 ./Custom/mgr_uart.o
                0x20000394                modb_db
 .bss.uart_rx_buffer
                0x20000594      0x12c ./Custom/mgr_uart.o
                0x20000594                uart_rx_buffer
 .bss.uart_rx_size
                0x200006c0        0x2 ./Custom/mgr_uart.o
                0x200006c0                uart_rx_size
 .bss.rx_cplt   0x200006c2        0x1 ./Custom/mgr_uart.o
                0x200006c2                rx_cplt
 *fill*         0x200006c3        0x1 
 .bss.uwTick    0x200006c4        0x4 ./Drivers/STM32F1xx_HAL_Driver/Src/stm32f1xx_hal.o
                0x200006c4                uwTick
 *(COMMON)
                0x200006c8                        . = ALIGN (0x4)
                0x200006c8                        _ebss = .
                0x200006c8                        __bss_end__ = _ebss

._user_heap_stack
                0x200006c8      0x600 load address 0x08003dc4
                0x200006c8                        . = ALIGN (0x8)
                [!provide]                        PROVIDE (end = .)
                0x200006c8                        PROVIDE (_end = .)
                0x200008c8                        . = (. + _Min_Heap_Size)
 *fill*         0x200006c8      0x200 
                0x20000cc8                        . = (. + _Min_Stack_Size)
 *fill*         0x200008c8      0x400 
                0x20000cc8                        . = ALIGN (0x8)

/DISCARD/
 libc.a(*)
 libm.a(*)
 libgcc.a(*)

.ARM.attributes
                0x00000000       0x29
 *(.ARM.attributes)
 .ARM.attributes
                0x00000000       0x1d C:/ST/STM32CubeIDE_1.17.0/STM32CubeIDE/plugins/com.st.stm32cube.ide.mcu.externaltools.gnu-tools-for-stm32.12.3.rel1.win32_1.1.0.202410251130/tools/bin/../lib/gcc/arm-none-eabi/12.3.1/thumb/v7-m/nofp/crti.o
 .ARM.attributes
                0x0000001d       0x2d C:/ST/STM32CubeIDE_1.17.0/STM32CubeIDE/plugins/com.st.stm32cube.ide.mcu.externaltools.gnu-tools-for-stm32.12.3.rel1.win32_1.1.0.202410251130/tools/bin/../lib/gcc/arm-none-eabi/12.3.1/thumb/v7-m/nofp/crtbegin.o
 .ARM.attributes
                0x0000004a       0x2d ./Core/Src/main.o
 .ARM.attributes
                0x00000077       0x2d ./Core/Src/stm32f1xx_hal_msp.o
 .ARM.attributes
                0x000000a4       0x2d ./Core/Src/stm32f1xx_it.o
 .ARM.attributes
                0x000000d1       0x2d ./Core/Src/system_stm32f1xx.o
 .ARM.attributes
                0x000000fe       0x21 ./Core/Startup/startup_stm32f103c8tx.o
 .ARM.attributes
                0x0000011f       0x2d ./Custom/appl_main.o
 .ARM.attributes
                0x0000014c       0x2d ./Custom/lib_modbus.o
 .ARM.attributes
                0x00000179       0x2d ./Custom/mgr_led.o
 .ARM.attributes
                0x000001a6       0x2d ./Custom/mgr_uart.o
 .ARM.attributes
                0x000001d3       0x2d ./Drivers/STM32F1xx_HAL_Driver/Src/stm32f1xx_hal.o
 .ARM.attributes
                0x00000200       0x2d ./Drivers/STM32F1xx_HAL_Driver/Src/stm32f1xx_hal_adc.o
 .ARM.attributes
                0x0000022d       0x2d ./Drivers/STM32F1xx_HAL_Driver/Src/stm32f1xx_hal_cortex.o
 .ARM.attributes
                0x0000025a       0x2d ./Drivers/STM32F1xx_HAL_Driver/Src/stm32f1xx_hal_dma.o
 .ARM.attributes
                0x00000287       0x2d ./Drivers/STM32F1xx_HAL_Driver/Src/stm32f1xx_hal_gpio.o
 .ARM.attributes
                0x000002b4       0x2d ./Drivers/STM32F1xx_HAL_Driver/Src/stm32f1xx_hal_i2c.o
 .ARM.attributes
                0x000002e1       0x2d ./Drivers/STM32F1xx_HAL_Driver/Src/stm32f1xx_hal_rcc.o
 .ARM.attributes
                0x0000030e       0x2d ./Drivers/STM32F1xx_HAL_Driver/Src/stm32f1xx_hal_rcc_ex.o
 .ARM.attributes
                0x0000033b       0x2d ./Drivers/STM32F1xx_HAL_Driver/Src/stm32f1xx_hal_tim.o
 .ARM.attributes
                0x00000368       0x2d ./Drivers/STM32F1xx_HAL_Driver/Src/stm32f1xx_hal_tim_ex.o
 .ARM.attributes
                0x00000395       0x2d ./Drivers/STM32F1xx_HAL_Driver/Src/stm32f1xx_hal_uart.o
 .ARM.attributes
                0x000003c2       0x2d C:/ST/STM32CubeIDE_1.17.0/STM32CubeIDE/plugins/com.st.stm32cube.ide.mcu.externaltools.gnu-tools-for-stm32.12.3.rel1.win32_1.1.0.202410251130/tools/bin/../lib/gcc/arm-none-eabi/12.3.1/../../../../arm-none-eabi/lib/thumb/v7-m/nofp\libc_nano.a(libc_a-memset.o)
 .ARM.attributes
                0x000003ef       0x2d C:/ST/STM32CubeIDE_1.17.0/STM32CubeIDE/plugins/com.st.stm32cube.ide.mcu.externaltools.gnu-tools-for-stm32.12.3.rel1.win32_1.1.0.202410251130/tools/bin/../lib/gcc/arm-none-eabi/12.3.1/../../../../arm-none-eabi/lib/thumb/v7-m/nofp\libc_nano.a(libc_a-init.o)
 .ARM.attributes
                0x0000041c       0x2d C:/ST/STM32CubeIDE_1.17.0/STM32CubeIDE/plugins/com.st.stm32cube.ide.mcu.externaltools.gnu-tools-for-stm32.12.3.rel1.win32_1.1.0.202410251130/tools/bin/../lib/gcc/arm-none-eabi/12.3.1/../../../../arm-none-eabi/lib/thumb/v7-m/nofp\libc_nano.a(libc_a-memcpy-stub.o)
 .ARM.attributes
                0x00000449       0x1d C:/ST/STM32CubeIDE_1.17.0/STM32CubeIDE/plugins/com.st.stm32cube.ide.mcu.externaltools.gnu-tools-for-stm32.12.3.rel1.win32_1.1.0.202410251130/tools/bin/../lib/gcc/arm-none-eabi/12.3.1/thumb/v7-m/nofp/crtn.o
OUTPUT(relay-ctrl.elf elf32-littlearm)
LOAD linker stubs
LOAD C:/ST/STM32CubeIDE_1.17.0/STM32CubeIDE/plugins/com.st.stm32cube.ide.mcu.externaltools.gnu-tools-for-stm32.12.3.rel1.win32_1.1.0.202410251130/tools/bin/../lib/gcc/arm-none-eabi/12.3.1/../../../../arm-none-eabi/lib/thumb/v7-m/nofp\libc.a
LOAD C:/ST/STM32CubeIDE_1.17.0/STM32CubeIDE/plugins/com.st.stm32cube.ide.mcu.externaltools.gnu-tools-for-stm32.12.3.rel1.win32_1.1.0.202410251130/tools/bin/../lib/gcc/arm-none-eabi/12.3.1/../../../../arm-none-eabi/lib/thumb/v7-m/nofp\libm.a
LOAD C:/ST/STM32CubeIDE_1.17.0/STM32CubeIDE/plugins/com.st.stm32cube.ide.mcu.externaltools.gnu-tools-for-stm32.12.3.rel1.win32_1.1.0.202410251130/tools/bin/../lib/gcc/arm-none-eabi/12.3.1/thumb/v7-m/nofp\libgcc.a

.debug_info     0x00000000    0x10df0
 .debug_info    0x00000000     0x15e5 ./Core/Src/main.o
 .debug_info    0x000015e5     0x136e ./Core/Src/stm32f1xx_hal_msp.o
 .debug_info    0x00002953      0x747 ./Core/Src/stm32f1xx_it.o
 .debug_info    0x0000309a      0x222 ./Core/Src/system_stm32f1xx.o
 .debug_info    0x000032bc       0x30 ./Core/Startup/startup_stm32f103c8tx.o
 .debug_info    0x000032ec      0x6ce ./Custom/appl_main.o
 .debug_info    0x000039ba      0x2cf ./Custom/lib_modbus.o
 .debug_info    0x00003c89      0x1a5 ./Custom/mgr_led.o
 .debug_info    0x00003e2e      0x7d0 ./Custom/mgr_uart.o
 .debug_info    0x000045fe      0x704 ./Drivers/STM32F1xx_HAL_Driver/Src/stm32f1xx_hal.o
 .debug_info    0x00004d02      0xc50 ./Drivers/STM32F1xx_HAL_Driver/Src/stm32f1xx_hal_adc.o
 .debug_info    0x00005952      0xa87 ./Drivers/STM32F1xx_HAL_Driver/Src/stm32f1xx_hal_cortex.o
 .debug_info    0x000063d9      0x6d2 ./Drivers/STM32F1xx_HAL_Driver/Src/stm32f1xx_hal_dma.o
 .debug_info    0x00006aab      0x5ab ./Drivers/STM32F1xx_HAL_Driver/Src/stm32f1xx_hal_gpio.o
 .debug_info    0x00007056     0x2524 ./Drivers/STM32F1xx_HAL_Driver/Src/stm32f1xx_hal_i2c.o
 .debug_info    0x0000957a      0x7d5 ./Drivers/STM32F1xx_HAL_Driver/Src/stm32f1xx_hal_rcc.o
 .debug_info    0x00009d4f      0x3c0 ./Drivers/STM32F1xx_HAL_Driver/Src/stm32f1xx_hal_rcc_ex.o
 .debug_info    0x0000a10f     0x2959 ./Drivers/STM32F1xx_HAL_Driver/Src/stm32f1xx_hal_tim.o
 .debug_info    0x0000ca68     0x149b ./Drivers/STM32F1xx_HAL_Driver/Src/stm32f1xx_hal_tim_ex.o
 .debug_info    0x0000df03     0x2eed ./Drivers/STM32F1xx_HAL_Driver/Src/stm32f1xx_hal_uart.o

.debug_abbrev   0x00000000     0x281d
 .debug_abbrev  0x00000000      0x2e9 ./Core/Src/main.o
 .debug_abbrev  0x000002e9      0x25d ./Core/Src/stm32f1xx_hal_msp.o
 .debug_abbrev  0x00000546      0x18a ./Core/Src/stm32f1xx_it.o
 .debug_abbrev  0x000006d0      0x13f ./Core/Src/system_stm32f1xx.o
 .debug_abbrev  0x0000080f       0x24 ./Core/Startup/startup_stm32f103c8tx.o
 .debug_abbrev  0x00000833      0x1b9 ./Custom/appl_main.o
 .debug_abbrev  0x000009ec      0x14c ./Custom/lib_modbus.o
 .debug_abbrev  0x00000b38       0xf3 ./Custom/mgr_led.o
 .debug_abbrev  0x00000c2b      0x230 ./Custom/mgr_uart.o
 .debug_abbrev  0x00000e5b      0x201 ./Drivers/STM32F1xx_HAL_Driver/Src/stm32f1xx_hal.o
 .debug_abbrev  0x0000105c      0x225 ./Drivers/STM32F1xx_HAL_Driver/Src/stm32f1xx_hal_adc.o
 .debug_abbrev  0x00001281      0x2f8 ./Drivers/STM32F1xx_HAL_Driver/Src/stm32f1xx_hal_cortex.o
 .debug_abbrev  0x00001579      0x20b ./Drivers/STM32F1xx_HAL_Driver/Src/stm32f1xx_hal_dma.o
 .debug_abbrev  0x00001784      0x1ca ./Drivers/STM32F1xx_HAL_Driver/Src/stm32f1xx_hal_gpio.o
 .debug_abbrev  0x0000194e      0x2a3 ./Drivers/STM32F1xx_HAL_Driver/Src/stm32f1xx_hal_i2c.o
 .debug_abbrev  0x00001bf1      0x2b3 ./Drivers/STM32F1xx_HAL_Driver/Src/stm32f1xx_hal_rcc.o
 .debug_abbrev  0x00001ea4      0x188 ./Drivers/STM32F1xx_HAL_Driver/Src/stm32f1xx_hal_rcc_ex.o
 .debug_abbrev  0x0000202c      0x277 ./Drivers/STM32F1xx_HAL_Driver/Src/stm32f1xx_hal_tim.o
 .debug_abbrev  0x000022a3      0x282 ./Drivers/STM32F1xx_HAL_Driver/Src/stm32f1xx_hal_tim_ex.o
 .debug_abbrev  0x00002525      0x2f8 ./Drivers/STM32F1xx_HAL_Driver/Src/stm32f1xx_hal_uart.o

.debug_aranges  0x00000000     0x10a8
 .debug_aranges
                0x00000000       0x60 ./Core/Src/main.o
 .debug_aranges
                0x00000060       0x60 ./Core/Src/stm32f1xx_hal_msp.o
 .debug_aranges
                0x000000c0       0x78 ./Core/Src/stm32f1xx_it.o
 .debug_aranges
                0x00000138       0x28 ./Core/Src/system_stm32f1xx.o
 .debug_aranges
                0x00000160       0x28 ./Core/Startup/startup_stm32f103c8tx.o
 .debug_aranges
                0x00000188       0x38 ./Custom/appl_main.o
 .debug_aranges
                0x000001c0       0x40 ./Custom/lib_modbus.o
 .debug_aranges
                0x00000200       0x20 ./Custom/mgr_led.o
 .debug_aranges
                0x00000220       0x38 ./Custom/mgr_uart.o
 .debug_aranges
                0x00000258       0xe0 ./Drivers/STM32F1xx_HAL_Driver/Src/stm32f1xx_hal.o
 .debug_aranges
                0x00000338       0xf0 ./Drivers/STM32F1xx_HAL_Driver/Src/stm32f1xx_hal_adc.o
 .debug_aranges
                0x00000428      0x100 ./Drivers/STM32F1xx_HAL_Driver/Src/stm32f1xx_hal_cortex.o
 .debug_aranges
                0x00000528       0x80 ./Drivers/STM32F1xx_HAL_Driver/Src/stm32f1xx_hal_dma.o
 .debug_aranges
                0x000005a8       0x58 ./Drivers/STM32F1xx_HAL_Driver/Src/stm32f1xx_hal_gpio.o
 .debug_aranges
                0x00000600      0x2a8 ./Drivers/STM32F1xx_HAL_Driver/Src/stm32f1xx_hal_i2c.o
 .debug_aranges
                0x000008a8       0x90 ./Drivers/STM32F1xx_HAL_Driver/Src/stm32f1xx_hal_rcc.o
 .debug_aranges
                0x00000938       0x30 ./Drivers/STM32F1xx_HAL_Driver/Src/stm32f1xx_hal_rcc_ex.o
 .debug_aranges
                0x00000968      0x3d0 ./Drivers/STM32F1xx_HAL_Driver/Src/stm32f1xx_hal_tim.o
 .debug_aranges
                0x00000d38      0x168 ./Drivers/STM32F1xx_HAL_Driver/Src/stm32f1xx_hal_tim_ex.o
 .debug_aranges
                0x00000ea0      0x208 ./Drivers/STM32F1xx_HAL_Driver/Src/stm32f1xx_hal_uart.o

.debug_rnglists
                0x00000000      0xd1e
 .debug_rnglists
                0x00000000       0x46 ./Core/Src/main.o
 .debug_rnglists
                0x00000046       0x44 ./Core/Src/stm32f1xx_hal_msp.o
 .debug_rnglists
                0x0000008a       0x55 ./Core/Src/stm32f1xx_it.o
 .debug_rnglists
                0x000000df       0x1a ./Core/Src/system_stm32f1xx.o
 .debug_rnglists
                0x000000f9       0x19 ./Core/Startup/startup_stm32f103c8tx.o
 .debug_rnglists
                0x00000112       0x25 ./Custom/appl_main.o
 .debug_rnglists
                0x00000137       0x2d ./Custom/lib_modbus.o
 .debug_rnglists
                0x00000164       0x13 ./Custom/mgr_led.o
 .debug_rnglists
                0x00000177       0x26 ./Custom/mgr_uart.o
 .debug_rnglists
                0x0000019d       0xa3 ./Drivers/STM32F1xx_HAL_Driver/Src/stm32f1xx_hal.o
 .debug_rnglists
                0x00000240       0xbc ./Drivers/STM32F1xx_HAL_Driver/Src/stm32f1xx_hal_adc.o
 .debug_rnglists
                0x000002fc       0xbb ./Drivers/STM32F1xx_HAL_Driver/Src/stm32f1xx_hal_cortex.o
 .debug_rnglists
                0x000003b7       0x64 ./Drivers/STM32F1xx_HAL_Driver/Src/stm32f1xx_hal_dma.o
 .debug_rnglists
                0x0000041b       0x3f ./Drivers/STM32F1xx_HAL_Driver/Src/stm32f1xx_hal_gpio.o
 .debug_rnglists
                0x0000045a      0x23c ./Drivers/STM32F1xx_HAL_Driver/Src/stm32f1xx_hal_i2c.o
 .debug_rnglists
                0x00000696       0x6c ./Drivers/STM32F1xx_HAL_Driver/Src/stm32f1xx_hal_rcc.o
 .debug_rnglists
                0x00000702       0x21 ./Drivers/STM32F1xx_HAL_Driver/Src/stm32f1xx_hal_rcc_ex.o
 .debug_rnglists
                0x00000723      0x31a ./Drivers/STM32F1xx_HAL_Driver/Src/stm32f1xx_hal_tim.o
 .debug_rnglists
                0x00000a3d      0x125 ./Drivers/STM32F1xx_HAL_Driver/Src/stm32f1xx_hal_tim_ex.o
 .debug_rnglists
                0x00000b62      0x1bc ./Drivers/STM32F1xx_HAL_Driver/Src/stm32f1xx_hal_uart.o

.debug_macro    0x00000000    0x1972f
 .debug_macro   0x00000000      0x2ef ./Core/Src/main.o
 .debug_macro   0x000002ef      0xaa8 ./Core/Src/main.o
 .debug_macro   0x00000d97      0x22d ./Core/Src/main.o
 .debug_macro   0x00000fc4       0x2e ./Core/Src/main.o
 .debug_macro   0x00000ff2       0x22 ./Core/Src/main.o
 .debug_macro   0x00001014       0x22 ./Core/Src/main.o
 .debug_macro   0x00001036       0x8e ./Core/Src/main.o
 .debug_macro   0x000010c4       0x51 ./Core/Src/main.o
 .debug_macro   0x00001115      0x103 ./Core/Src/main.o
 .debug_macro   0x00001218       0x6a ./Core/Src/main.o
 .debug_macro   0x00001282      0x1df ./Core/Src/main.o
 .debug_macro   0x00001461       0x1c ./Core/Src/main.o
 .debug_macro   0x0000147d       0x22 ./Core/Src/main.o
 .debug_macro   0x0000149f       0xbd ./Core/Src/main.o
 .debug_macro   0x0000155c      0xd23 ./Core/Src/main.o
 .debug_macro   0x0000227f     0xe09e ./Core/Src/main.o
 .debug_macro   0x0001031d       0x6d ./Core/Src/main.o
 .debug_macro   0x0001038a     0x34a2 ./Core/Src/main.o
 .debug_macro   0x0001382c      0x189 ./Core/Src/main.o
 .debug_macro   0x000139b5       0x5c ./Core/Src/main.o
 .debug_macro   0x00013a11      0x5bc ./Core/Src/main.o
 .debug_macro   0x00013fcd      0x289 ./Core/Src/main.o
 .debug_macro   0x00014256      0x1cb ./Core/Src/main.o
 .debug_macro   0x00014421      0x114 ./Core/Src/main.o
 .debug_macro   0x00014535      0x1b2 ./Core/Src/main.o
 .debug_macro   0x000146e7       0x27 ./Core/Src/main.o
 .debug_macro   0x0001470e      0x136 ./Core/Src/main.o
 .debug_macro   0x00014844      0x1bc ./Core/Src/main.o
 .debug_macro   0x00014a00       0x34 ./Core/Src/main.o
 .debug_macro   0x00014a34       0x3c ./Core/Src/main.o
 .debug_macro   0x00014a70       0x57 ./Core/Src/main.o
 .debug_macro   0x00014ac7      0x46a ./Core/Src/main.o
 .debug_macro   0x00014f31      0x1b5 ./Core/Src/main.o
 .debug_macro   0x000150e6       0x87 ./Core/Src/main.o
 .debug_macro   0x0001516d      0x240 ./Core/Src/main.o
 .debug_macro   0x000153ad      0x287 ./Core/Src/main.o
 .debug_macro   0x00015634      0x140 ./Core/Src/main.o
 .debug_macro   0x00015774      0x8ed ./Core/Src/main.o
 .debug_macro   0x00016061      0x28e ./Core/Src/main.o
 .debug_macro   0x000162ef       0x83 ./Core/Src/main.o
 .debug_macro   0x00016372       0x61 ./Core/Src/main.o
 .debug_macro   0x000163d3       0x24 ./Core/Src/main.o
 .debug_macro   0x000163f7       0x43 ./Core/Src/main.o
 .debug_macro   0x0001643a       0x34 ./Core/Src/main.o
 .debug_macro   0x0001646e       0x16 ./Core/Src/main.o
 .debug_macro   0x00016484       0x35 ./Core/Src/main.o
 .debug_macro   0x000164b9      0x369 ./Core/Src/main.o
 .debug_macro   0x00016822       0x10 ./Core/Src/main.o
 .debug_macro   0x00016832       0x16 ./Core/Src/main.o
 .debug_macro   0x00016848       0x43 ./Core/Src/main.o
 .debug_macro   0x0001688b       0x34 ./Core/Src/main.o
 .debug_macro   0x000168bf       0x10 ./Core/Src/main.o
 .debug_macro   0x000168cf       0x58 ./Core/Src/main.o
 .debug_macro   0x00016927       0x8e ./Core/Src/main.o
 .debug_macro   0x000169b5       0x1c ./Core/Src/main.o
 .debug_macro   0x000169d1      0x177 ./Core/Src/main.o
 .debug_macro   0x00016b48       0x16 ./Core/Src/main.o
 .debug_macro   0x00016b5e       0x16 ./Core/Src/main.o
 .debug_macro   0x00016b74      0x146 ./Core/Src/main.o
 .debug_macro   0x00016cba       0x16 ./Core/Src/main.o
 .debug_macro   0x00016cd0       0x20 ./Core/Src/main.o
 .debug_macro   0x00016cf0       0x22 ./Core/Src/main.o
 .debug_macro   0x00016d12       0x70 ./Core/Src/main.o
 .debug_macro   0x00016d82      0x2ef ./Core/Src/stm32f1xx_hal_msp.o
 .debug_macro   0x00017071      0x2f9 ./Core/Src/stm32f1xx_it.o
 .debug_macro   0x0001736a      0x1c1 ./Core/Src/system_stm32f1xx.o
 .debug_macro   0x0001752b      0x31b ./Custom/appl_main.o
 .debug_macro   0x00017846       0x94 ./Custom/appl_main.o
 .debug_macro   0x000178da       0x70 ./Custom/appl_main.o
 .debug_macro   0x0001794a      0x2fe ./Custom/lib_modbus.o
 .debug_macro   0x00017c48       0x8e ./Custom/lib_modbus.o
 .debug_macro   0x00017cd6      0x2f9 ./Custom/mgr_led.o
 .debug_macro   0x00017fcf      0x307 ./Custom/mgr_uart.o
 .debug_macro   0x000182d6      0x1e5 ./Drivers/STM32F1xx_HAL_Driver/Src/stm32f1xx_hal.o
 .debug_macro   0x000184bb      0x1de ./Drivers/STM32F1xx_HAL_Driver/Src/stm32f1xx_hal_adc.o
 .debug_macro   0x00018699      0x1c1 ./Drivers/STM32F1xx_HAL_Driver/Src/stm32f1xx_hal_cortex.o
 .debug_macro   0x0001885a      0x1c1 ./Drivers/STM32F1xx_HAL_Driver/Src/stm32f1xx_hal_dma.o
 .debug_macro   0x00018a1b      0x22c ./Drivers/STM32F1xx_HAL_Driver/Src/stm32f1xx_hal_gpio.o
 .debug_macro   0x00018c47      0x20f ./Drivers/STM32F1xx_HAL_Driver/Src/stm32f1xx_hal_i2c.o
 .debug_macro   0x00018e56      0x1d3 ./Drivers/STM32F1xx_HAL_Driver/Src/stm32f1xx_hal_rcc.o
 .debug_macro   0x00019029      0x1c1 ./Drivers/STM32F1xx_HAL_Driver/Src/stm32f1xx_hal_rcc_ex.o
 .debug_macro   0x000191ea      0x1c2 ./Drivers/STM32F1xx_HAL_Driver/Src/stm32f1xx_hal_tim.o
 .debug_macro   0x000193ac      0x1c1 ./Drivers/STM32F1xx_HAL_Driver/Src/stm32f1xx_hal_tim_ex.o
 .debug_macro   0x0001956d      0x1c2 ./Drivers/STM32F1xx_HAL_Driver/Src/stm32f1xx_hal_uart.o

.debug_line     0x00000000    0x15891
 .debug_line    0x00000000      0xae2 ./Core/Src/main.o
 .debug_line    0x00000ae2      0xa35 ./Core/Src/stm32f1xx_hal_msp.o
 .debug_line    0x00001517      0xa01 ./Core/Src/stm32f1xx_it.o
 .debug_line    0x00001f18      0x7c3 ./Core/Src/system_stm32f1xx.o
 .debug_line    0x000026db       0x78 ./Core/Startup/startup_stm32f103c8tx.o
 .debug_line    0x00002753      0x990 ./Custom/appl_main.o
 .debug_line    0x000030e3      0xab8 ./Custom/lib_modbus.o
 .debug_line    0x00003b9b      0x906 ./Custom/mgr_led.o
 .debug_line    0x000044a1      0xa02 ./Custom/mgr_uart.o
 .debug_line    0x00004ea3      0x9f0 ./Drivers/STM32F1xx_HAL_Driver/Src/stm32f1xx_hal.o
 .debug_line    0x00005893     0x106d ./Drivers/STM32F1xx_HAL_Driver/Src/stm32f1xx_hal_adc.o
 .debug_line    0x00006900      0xbdc ./Drivers/STM32F1xx_HAL_Driver/Src/stm32f1xx_hal_cortex.o
 .debug_line    0x000074dc      0xe49 ./Drivers/STM32F1xx_HAL_Driver/Src/stm32f1xx_hal_dma.o
 .debug_line    0x00008325      0xa89 ./Drivers/STM32F1xx_HAL_Driver/Src/stm32f1xx_hal_gpio.o
 .debug_line    0x00008dae     0x3c8d ./Drivers/STM32F1xx_HAL_Driver/Src/stm32f1xx_hal_i2c.o
 .debug_line    0x0000ca3b      0xdf9 ./Drivers/STM32F1xx_HAL_Driver/Src/stm32f1xx_hal_rcc.o
 .debug_line    0x0000d834      0x93a ./Drivers/STM32F1xx_HAL_Driver/Src/stm32f1xx_hal_rcc_ex.o
 .debug_line    0x0000e16e     0x3515 ./Drivers/STM32F1xx_HAL_Driver/Src/stm32f1xx_hal_tim.o
 .debug_line    0x00011683     0x193f ./Drivers/STM32F1xx_HAL_Driver/Src/stm32f1xx_hal_tim_ex.o
 .debug_line    0x00012fc2     0x28cf ./Drivers/STM32F1xx_HAL_Driver/Src/stm32f1xx_hal_uart.o

.debug_str      0x00000000    0x91e06
 .debug_str     0x00000000    0x8e010 ./Core/Src/main.o
                              0x8e529 (size before relaxing)
 .debug_str     0x0008e010      0x148 ./Core/Src/stm32f1xx_hal_msp.o
                              0x8e244 (size before relaxing)
 .debug_str     0x0008e158      0x133 ./Core/Src/stm32f1xx_it.o
                              0x8d81c (size before relaxing)
 .debug_str     0x0008e28b       0x7e ./Core/Src/system_stm32f1xx.o
                              0x899e6 (size before relaxing)
 .debug_str     0x0008e309       0x44 ./Core/Startup/startup_stm32f103c8tx.o
                                 0x64 (size before relaxing)
 .debug_str     0x0008e34d      0x452 ./Custom/appl_main.o
                              0x8dc08 (size before relaxing)
 .debug_str     0x0008e79f       0x97 ./Custom/lib_modbus.o
                              0x8d575 (size before relaxing)
 .debug_str     0x0008e836       0x1b ./Custom/mgr_led.o
                              0x8d342 (size before relaxing)
 .debug_str     0x0008e851      0x113 ./Custom/mgr_uart.o
                              0x8dc05 (size before relaxing)
 .debug_str     0x0008e964      0x38e ./Drivers/STM32F1xx_HAL_Driver/Src/stm32f1xx_hal.o
                              0x8a119 (size before relaxing)
 .debug_str     0x0008ecf2      0x38e ./Drivers/STM32F1xx_HAL_Driver/Src/stm32f1xx_hal_adc.o
                              0x8a0ca (size before relaxing)
 .debug_str     0x0008f080      0x294 ./Drivers/STM32F1xx_HAL_Driver/Src/stm32f1xx_hal_cortex.o
                              0x8a065 (size before relaxing)
 .debug_str     0x0008f314      0x1e7 ./Drivers/STM32F1xx_HAL_Driver/Src/stm32f1xx_hal_dma.o
                              0x89d8f (size before relaxing)
 .debug_str     0x0008f4fb      0x2e1 ./Drivers/STM32F1xx_HAL_Driver/Src/stm32f1xx_hal_gpio.o
                              0x89d6c (size before relaxing)
 .debug_str     0x0008f7dc      0xba2 ./Drivers/STM32F1xx_HAL_Driver/Src/stm32f1xx_hal_i2c.o
                              0x8aaad (size before relaxing)
 .debug_str     0x0009037e      0x209 ./Drivers/STM32F1xx_HAL_Driver/Src/stm32f1xx_hal_rcc.o
                              0x89e15 (size before relaxing)
 .debug_str     0x00090587       0x84 ./Drivers/STM32F1xx_HAL_Driver/Src/stm32f1xx_hal_rcc_ex.o
                              0x89b65 (size before relaxing)
 .debug_str     0x0009060b      0xddb ./Drivers/STM32F1xx_HAL_Driver/Src/stm32f1xx_hal_tim.o
                              0x8ae17 (size before relaxing)
 .debug_str     0x000913e6      0x493 ./Drivers/STM32F1xx_HAL_Driver/Src/stm32f1xx_hal_tim_ex.o
                              0x8a623 (size before relaxing)
 .debug_str     0x00091879      0x58d ./Drivers/STM32F1xx_HAL_Driver/Src/stm32f1xx_hal_uart.o
                              0x8a486 (size before relaxing)

.comment        0x00000000       0x43
 .comment       0x00000000       0x43 ./Core/Src/main.o
                                 0x44 (size before relaxing)
 .comment       0x00000043       0x44 ./Core/Src/stm32f1xx_hal_msp.o
 .comment       0x00000043       0x44 ./Core/Src/stm32f1xx_it.o
 .comment       0x00000043       0x44 ./Core/Src/system_stm32f1xx.o
 .comment       0x00000043       0x44 ./Custom/appl_main.o
 .comment       0x00000043       0x44 ./Custom/lib_modbus.o
 .comment       0x00000043       0x44 ./Custom/mgr_led.o
 .comment       0x00000043       0x44 ./Custom/mgr_uart.o
 .comment       0x00000043       0x44 ./Drivers/STM32F1xx_HAL_Driver/Src/stm32f1xx_hal.o
 .comment       0x00000043       0x44 ./Drivers/STM32F1xx_HAL_Driver/Src/stm32f1xx_hal_adc.o
 .comment       0x00000043       0x44 ./Drivers/STM32F1xx_HAL_Driver/Src/stm32f1xx_hal_cortex.o
 .comment       0x00000043       0x44 ./Drivers/STM32F1xx_HAL_Driver/Src/stm32f1xx_hal_dma.o
 .comment       0x00000043       0x44 ./Drivers/STM32F1xx_HAL_Driver/Src/stm32f1xx_hal_gpio.o
 .comment       0x00000043       0x44 ./Drivers/STM32F1xx_HAL_Driver/Src/stm32f1xx_hal_i2c.o
 .comment       0x00000043       0x44 ./Drivers/STM32F1xx_HAL_Driver/Src/stm32f1xx_hal_rcc.o
 .comment       0x00000043       0x44 ./Drivers/STM32F1xx_HAL_Driver/Src/stm32f1xx_hal_rcc_ex.o
 .comment       0x00000043       0x44 ./Drivers/STM32F1xx_HAL_Driver/Src/stm32f1xx_hal_tim.o
 .comment       0x00000043       0x44 ./Drivers/STM32F1xx_HAL_Driver/Src/stm32f1xx_hal_tim_ex.o
 .comment       0x00000043       0x44 ./Drivers/STM32F1xx_HAL_Driver/Src/stm32f1xx_hal_uart.o

.debug_frame    0x00000000     0x45d0
 .debug_frame   0x00000000      0x130 ./Core/Src/main.o
 .debug_frame   0x00000130      0x158 ./Core/Src/stm32f1xx_hal_msp.o
 .debug_frame   0x00000288      0x158 ./Core/Src/stm32f1xx_it.o
 .debug_frame   0x000003e0       0x58 ./Core/Src/system_stm32f1xx.o
 .debug_frame   0x00000438       0x84 ./Custom/appl_main.o
 .debug_frame   0x000004bc       0xc8 ./Custom/lib_modbus.o
 .debug_frame   0x00000584       0x2c ./Custom/mgr_led.o
 .debug_frame   0x000005b0       0xa0 ./Custom/mgr_uart.o
 .debug_frame   0x00000650      0x334 ./Drivers/STM32F1xx_HAL_Driver/Src/stm32f1xx_hal.o
 .debug_frame   0x00000984      0x40c ./Drivers/STM32F1xx_HAL_Driver/Src/stm32f1xx_hal_adc.o
 .debug_frame   0x00000d90      0x428 ./Drivers/STM32F1xx_HAL_Driver/Src/stm32f1xx_hal_cortex.o
 .debug_frame   0x000011b8      0x208 ./Drivers/STM32F1xx_HAL_Driver/Src/stm32f1xx_hal_dma.o
 .debug_frame   0x000013c0      0x14c ./Drivers/STM32F1xx_HAL_Driver/Src/stm32f1xx_hal_gpio.o
 .debug_frame   0x0000150c      0xc84 ./Drivers/STM32F1xx_HAL_Driver/Src/stm32f1xx_hal_i2c.o
 .debug_frame   0x00002190      0x218 ./Drivers/STM32F1xx_HAL_Driver/Src/stm32f1xx_hal_rcc.o
 .debug_frame   0x000023a8       0x80 ./Drivers/STM32F1xx_HAL_Driver/Src/stm32f1xx_hal_rcc_ex.o
 .debug_frame   0x00002428     0x11b8 ./Drivers/STM32F1xx_HAL_Driver/Src/stm32f1xx_hal_tim.o
 .debug_frame   0x000035e0      0x638 ./Drivers/STM32F1xx_HAL_Driver/Src/stm32f1xx_hal_tim_ex.o
 .debug_frame   0x00003c18      0x944 ./Drivers/STM32F1xx_HAL_Driver/Src/stm32f1xx_hal_uart.o
 .debug_frame   0x0000455c       0x20 C:/ST/STM32CubeIDE_1.17.0/STM32CubeIDE/plugins/com.st.stm32cube.ide.mcu.externaltools.gnu-tools-for-stm32.12.3.rel1.win32_1.1.0.202410251130/tools/bin/../lib/gcc/arm-none-eabi/12.3.1/../../../../arm-none-eabi/lib/thumb/v7-m/nofp\libc_nano.a(libc_a-memset.o)
 .debug_frame   0x0000457c       0x2c C:/ST/STM32CubeIDE_1.17.0/STM32CubeIDE/plugins/com.st.stm32cube.ide.mcu.externaltools.gnu-tools-for-stm32.12.3.rel1.win32_1.1.0.202410251130/tools/bin/../lib/gcc/arm-none-eabi/12.3.1/../../../../arm-none-eabi/lib/thumb/v7-m/nofp\libc_nano.a(libc_a-init.o)
 .debug_frame   0x000045a8       0x28 C:/ST/STM32CubeIDE_1.17.0/STM32CubeIDE/plugins/com.st.stm32cube.ide.mcu.externaltools.gnu-tools-for-stm32.12.3.rel1.win32_1.1.0.202410251130/tools/bin/../lib/gcc/arm-none-eabi/12.3.1/../../../../arm-none-eabi/lib/thumb/v7-m/nofp\libc_nano.a(libc_a-memcpy-stub.o)

.debug_line_str
                0x00000000       0x48
 .debug_line_str
                0x00000000       0x48 ./Core/Startup/startup_stm32f103c8tx.o
